// Vitest Snapshot v1

exports[`RegionalData > should render US data 1`] = `<div />`;

exports[`RegionalData > should render global states 1`] = `<div />`;
