// Vitest Snapshot v1, https://vitest.dev/guide/snapshot.html

exports[`CountUpTo > should render render 1`] = `
<div>
  <span>
    0
  </span>
</div>
`;
