// Vitest Snapshot v1, https://vitest.dev/guide/snapshot.html

exports[`CountryCovidStats > should render US data 1`] = `<div />`;

exports[`CountryCovidStats > should render global states 1`] = `<div />`;
